
Discarded input sections

 .bss           0x00000000        0x0 build/frameBuffer.o
 .ARM.attributes
                0x00000000       0x12 build/frameBuffer.o
 .bss           0x00000000        0x0 build/gpio.o
 .ARM.attributes
                0x00000000       0x12 build/gpio.o
 .bss           0x00000000        0x0 build/mailBox.o
 .ARM.attributes
                0x00000000       0x12 build/mailBox.o
 .bss           0x00000000        0x0 build/main.o
 .ARM.attributes
                0x00000000       0x14 build/main.o
 .bss           0x00000000        0x0 build/timer.o
 .ARM.attributes
                0x00000000       0x14 build/timer.o

Memory Configuration

Name             Origin             Length             Attributes
*default*        0x00000000         0xffffffff

Linker script and memory map

LOAD build/frameBuffer.o
LOAD build/gpio.o
LOAD build/mailBox.o
LOAD build/main.o
LOAD build/timer.o

.init           0x00008000        0x4
 *(.init)
 .init          0x00008000        0x4 build/main.o
                0x00008000                _start

.text           0x00008004      0x248
 *(.text)
 .text          0x00008004       0x60 build/frameBuffer.o
                0x00008004                initialiseFrameBuffer
 .text          0x00008064       0xdc build/gpio.o
                0x00008064                getGpioAddress
                0x0000806c                setGpioFunction
                0x000080bc                setGpio
                0x000080f8                flash
                0x0000811c                error
 .text          0x00008140       0x78 build/mailBox.o
                0x00008140                getMailBoxAddress
                0x00008148                mailBoxWrite
                0x0000817c                readMailBox
 .text          0x000081b8       0x54 build/main.o
 .text          0x0000820c       0x40 build/timer.o
                0x0000820c                getTimerAddress
                0x00008214                getTimeStamp
                0x00008224                wait

.data           0x00009000       0x28
 *(.data)
 .data          0x00009000       0x28 build/frameBuffer.o
                0x00009000                frameBufferInfo
 .data          0x00009028        0x0 build/gpio.o
 .data          0x00009028        0x0 build/mailBox.o
 .data          0x00009028        0x0 build/main.o
 .data          0x00009028        0x0 build/timer.o

/DISCARD/
 *(*)
OUTPUT(exe/output.elf elf32-littlearm)
